[06/10/2026 14:53:18] $ B1 $ abc123 $ +OK
[06/10/2026 14:55:13] $ B1 $ abc123 $ +OK
[06/10/2026 14:55:13] $ B1 $ abc123 $ +OK
[06/10/2026 14:55:27] $ B1 $ abc123 $ +OK
[06/10/2026 14:55:27] $ B1 $ abc123 $ +OK
[06/10/2026 14:55:54] $ B1 $ abc123 $ +OK
[06/10/2026 14:55:54] $ B1 $ abc123 $ +OK
[06/10/2026 14:57:11] $ B1 $ abc123 $ +OK
[06/10/2026 14:57:11] $ B1 $ abc123 $ +OK
[06/10/2026 14:57:11] $ B1 $ 1a2b3cd $ +OK
[06/10/2026 14:57:11] $ B1 $ HoangKimVinh20235876 $ +OK
[06/10/2026 14:57:11] $ B1 $ HoangKimVinh20235876 $ +OK
[06/10/2026 14:57:11] $ B1 $ HKV20235876 $ +OK
[06/10/2026 14:57:11] $ B1 $ HKV20235876 $ +OK
[06/10/2026 14:57:31] $ B1 $ Ab15CD$ $ -ERR
[06/10/2026 14:57:31] $ B1 $ Ab15CD$ $ -ERR
[06/10/2026 14:57:31] $ B1 $ hoang$kImVInh $ -ERR
[06/10/2026 14:57:31] $ B1 $ hoang$kImVInh $ -ERR
[06/10/2026 14:57:31] $ B1 $ hoangkimvinh2023 $ +OK
[06/10/2026 14:57:31] $ B1 $ 2023HKV $ +OK
[06/10/2026 14:58:42] $ B2 $ data\HoangKimVinh20235876_input.txt $ +OK
[06/10/2026 14:58:42] $ B2 $ HoangKimVinh20235876_input.txt $ +OK
[06/10/2026 14:58:42] $ B2 $ D:/test/testfile.jpg $ -ERR
[06/10/2026 14:58:42] $ B2 $ D:/test/testfile.rar $ -ERR
[06/10/2026 14:59:04] $ B2 $ HoangKimVinh20235876_input.txt $ -ERR
[06/10/2026 14:59:04] $ B2 $ data\HoangKimVinh20235876_input.txt $ -ERR
[06/10/2026 15:01:14] $ B2 $ HoangKimVinh20235876_input.txt $ +OK
[06/10/2026 15:01:14] $ B2 $ data\HoangKimVinh20235876_input.txt $ +OK
[06/10/2026 15:01:14] $ B2 $ D:/test/testfile.rar $ -ERR
[06/10/2026 15:01:14] $ B2 $ HoangKimVinh20235876_input.txt $ -ERR
ERR
[06/10/2026 15:01:14] $ B2 $ nonexistent_file_xyz_12345.bin $ -ERR
[06/10/2026 15:21:47] $ B1 $ 1a2b3cd $ +OK
[06/10/2026 15:21:47] $ B1 $ 1a2b3cd $ +OK
[06/10/2026 15:21:47] $ B1 $ abcd $ +OK
[06/10/2026 15:21:47] $ B1 $ abcd $ +OK
[06/10/2026 15:21:47] $ B1 $ 123 $ +OK
[06/10/2026 15:21:47] $ B1 $ Ab15CD$ $ -ERR
[06/10/2026 15:21:47] $ B1 $ Ab15CD$ $ -ERR
[06/10/2026 15:21:47] $ B1 $ HoangKimVinh20235876 $ +OK
[06/10/2026 15:21:47] $ B1 $ HKV20235876 $ +OK
[06/10/2026 15:21:47] $ B1 $ HKV20235876 $ +OK
[06/10/2026 15:21:47] $ B1 $ hoang$kImVInh $ -ERR
[06/10/2026 15:21:47] $ B1 $ hoang$kImVInh $ -ERR
[06/10/2026 15:21:47] $ B1 $ hoangkimvinh2023 $ +OK
[06/10/2026 15:21:47] $ B1 $ hoangkimvinh2023 $ +OK
[06/10/2026 15:21:58] $ B2 $ data/HoangKimVinh20235876_input.txt $ +OK
[06/10/2026 15:21:58] $ B2 $ HoangKimVinh20235876_input.txt $ +OK
[06/10/2026 15:21:58] $ B2 $ D:/test/testfile.rar $ -ERR
[06/10/2026 15:21:58] $ B2 $ HoangKimVinh20235876_input.txt $ -ERR
ERR
[06/10/2026 15:21:58] $ B2 $ D:/test/missing_demo_xyz.bin $ -ERR
[06/10/2026 15:22:20] $ B1 $ 1a2b3cd $ +OK
[06/10/2026 15:22:20] $ B1 $ 1a2b3cd $ +OK
[06/10/2026 15:22:20] $ B1 $ abcd $ +OK
[06/10/2026 15:22:20] $ B1 $ abcd $ +OK
[06/10/2026 15:22:20] $ B1 $ 123 $ +OK
[06/10/2026 15:22:20] $ B1 $ 123 $ +OK
[06/10/2026 15:22:20] $ B1 $ Ab15CD$ $ -ERR
[06/10/2026 15:22:20] $ B1 $ Ab15CD$ $ -ERR
[06/10/2026 15:22:20] $ B1 $ HoangKimVinh20235876 $ +OK
[06/10/2026 15:22:20] $ B1 $ HoangKimVinh20235876 $ +OK
[06/10/2026 15:22:20] $ B1 $ HKV20235876 $ +OK
[06/10/2026 15:22:20] $ B1 $ HKV20235876 $ +OK
[06/10/2026 15:22:20] $ B1 $ hoang$kImVInh $ -ERR
[06/10/2026 15:22:20] $ B1 $ hoang$kImVInh $ -ERR
[06/10/2026 15:22:20] $ B1 $ hoangkimvinh2023 $ +OK
[06/10/2026 15:22:20] $ B1 $ hoangkimvinh2023 $ +OK
[06/10/2026 15:22:20] $ B2 $ HoangKimVinh20235876_input.txt $ -ERR
[06/10/2026 15:22:20] $ B2 $ data/HoangKimVinh20235876_input.txt $ -ERR
[06/10/2026 15:22:20] $ B2 $ D:/test/testfile.rar $ -ERR
[06/10/2026 15:22:20] $ B2 $ data/HoangKimVinh20235876_input.txt $ -ERR
[06/10/2026 15:22:20] $ B2 $ D:/test/missing_demo_xyz.bin $ -ERR
[06/10/2026 15:22:38] $ B1 $ 1a2b3cd $ +OK
[06/10/2026 15:22:38] $ B1 $ 1a2b3cd $ +OK
[06/10/2026 15:22:38] $ B1 $ abcd $ +OK
[06/10/2026 15:22:38] $ B1 $ abcd $ +OK
[06/10/2026 15:22:38] $ B1 $ 123 $ +OK
[06/10/2026 15:22:38] $ B1 $ 123 $ +OK
[06/10/2026 15:22:38] $ B1 $ Ab15CD$ $ -ERR
[06/10/2026 15:22:38] $ B1 $ Ab15CD$ $ -ERR
[06/10/2026 15:22:38] $ B1 $ HoangKimVinh20235876 $ +OK
[06/10/2026 15:22:38] $ B1 $ HoangKimVinh20235876 $ +OK
[06/10/2026 15:22:38] $ B1 $ HKV20235876 $ +OK
[06/10/2026 15:22:38] $ B1 $ HKV20235876 $ +OK
[06/10/2026 15:22:38] $ B1 $ hoang$kImVInh $ -ERR
[06/10/2026 15:22:38] $ B1 $ hoang$kImVInh $ -ERR
[06/10/2026 15:22:38] $ B1 $ hoangkimvinh2023 $ +OK
[06/10/2026 15:22:38] $ B1 $ hoangkimvinh2023 $ +OK
[06/10/2026 15:22:38] $ B2 $ HoangKimVinh20235876_input.txt $ -ERR
[06/10/2026 15:22:38] $ B2 $ data/HoangKimVinh20235876_input.txt $ -ERR
[06/10/2026 15:22:38] $ B2 $ D:/test/testfile.rar $ -ERR
[06/10/2026 15:22:38] $ B2 $ data/HoangKimVinh20235876_input.txt $ -ERR
[06/10/2026 15:22:38] $ B2 $ D:/test/missing_demo_xyz.bin $ -ERR
[06/10/2026 15:22:51] $ B1 $ 1a2b3cd $ +OK
[06/10/2026 15:22:51] $ B1 $ 1a2b3cd $ +OK
[06/10/2026 15:22:51] $ B1 $ abcd $ +OK
[06/10/2026 15:22:51] $ B1 $ abcd $ +OK
[06/10/2026 15:22:51] $ B1 $ 123 $ +OK
[06/10/2026 15:22:51] $ B1 $ 123 $ +OK
[06/10/2026 15:22:51] $ B1 $ Ab15CD$ $ -ERR
[06/10/2026 15:22:51] $ B1 $ Ab15CD$ $ -ERR
[06/10/2026 15:22:51] $ B1 $ HoangKimVinh20235876 $ +OK
[06/10/2026 15:22:51] $ B1 $ HoangKimVinh20235876 $ +OK
[06/10/2026 15:22:51] $ B1 $ HKV20235876 $ +OK
[06/10/2026 15:22:51] $ B1 $ hoang$kImVInh $ -ERR
[06/10/2026 15:22:51] $ B1 $ hoangkimvinh2023 $ +OK
[06/10/2026 15:22:51] $ B1 $ hoangkimvinh2023 $ +OK
[06/10/2026 15:22:51] $ B2 $ HoangKimVinh20235876_input.txt $ -ERR
[06/10/2026 15:22:51] $ B2 $ data/HoangKimVinh20235876_input.txt $ -ERR
[06/10/2026 15:22:51] $ B2 $ D:/test/testfile.rar $ -ERR
[06/10/2026 15:22:51] $ B2 $ data/HoangKimVinh20235876_input.txt $ -ERR
[06/10/2026 15:22:51] $ B2 $ D:/test/missing_demo_xyz.bin $ -ERR
[06/10/2026 15:23:34] $ B1 $ 1a2b3cd $ +OK
[06/10/2026 15:23:34] $ B1 $ 1a2b3cd $ +OK
[06/10/2026 15:23:34] $ B1 $ abcd $ +OK
[06/10/2026 15:23:34] $ B1 $ abcd $ +OK
[06/10/2026 15:23:34] $ B1 $ 123 $ +OK
[06/10/2026 15:23:34] $ B1 $ 123 $ +OK
[06/10/2026 15:23:34] $ B1 $ Ab15CD$ $ -ERR
[06/10/2026 15:23:34] $ B1 $ Ab15CD$ $ -ERR
[06/10/2026 15:23:34] $ B1 $ HoangKimVinh20235876 $ +OK
[06/10/2026 15:23:34] $ B1 $ HoangKimVinh20235876 $ +OK
[06/10/2026 15:23:34] $ B1 $ HKV20235876 $ +OK
[06/10/2026 15:23:34] $ B1 $ HKV20235876 $ +OK
[06/10/2026 15:23:34] $ B1 $ hoang$kImVInh $ -ERR
[06/10/2026 15:23:34] $ B1 $ hoang$kImVInh $ -ERR
[06/10/2026 15:23:34] $ B1 $ hoangkimvinh2023 $ +OK
[06/10/2026 15:23:34] $ B1 $ hoangkimvinh2023 $ +OK
[06/10/2026 15:23:34] $ B2 $ HoangKimVinh20235876_input.txt $ -ERR
[06/10/2026 15:23:34] $ B2 $ data/HoangKimVinh20235876_input.txt $ -ERR
[06/10/2026 15:23:34] $ B2 $ D:/test/testfile.rar $ -ERR
[06/10/2026 15:23:34] $ B2 $ data/HoangKimVinh20235876_input.txt $ -ERR
[06/10/2026 15:23:34] $ B2 $ D:/test/missing_demo_xyz.bin $ -ERR
[06/10/2026 15:40:38] $ B1 $ 1a2b3cd $ +OK
[06/10/2026 15:40:38] $ B1 $ 1a2b3cd $ +OK
[06/10/2026 15:40:42] $ B1 $ abcd $ +OK
[06/10/2026 15:40:46] $ B1 $ 123 $ +OK
[06/10/2026 15:40:50] $ B1 $ Ab15CD$ $ -ERR
[06/10/2026 15:40:54] $ B1 $ hoangkimvinh20235876 $ +OK
[06/10/2026 15:41:00] $ B1 $ HKV20235876 $ +OK
[06/10/2026 15:41:00] $ B1 $ HKV20235876 $ +OK
[06/10/2026 15:41:04] $ B1 $ 2023ABC $ +OK
[06/10/2026 15:43:00] $ B2 $ HoangKimVinh20235876_input.txt $ -ERR
[06/10/2026 15:43:00] $ B2 $ data\HoangKimVinh20235876_input.txt $ -ERR
[06/10/2026 15:43:08] $ B2 $ D:/test/testfile.rar $ -ERR
[06/10/2026 15:44:07] $ B2 $ HoangKimVinh20235876_input.txt $ -ERR
[06/10/2026 15:44:07] $ B2 $ data\HoangKimVinh20235876_input.txt $ -ERR
[06/10/2026 15:44:11] $ B2 $ D:/test/testfile.rar $ -ERR
